Flutter crash report.
Please report a bug at https://github.com/flutter/flutter/issues.

## command

flutter debug_adapter

## exception

RPCError: readyToResume: (-32603) Unexpected DWDS error for resume: WipError -32000 Cannot find context with specified id

```
#0      new _OutstandingRequest (package:vm_service/src/vm_service.dart:268:34)
#1      VmService._call.<anonymous closure> (package:vm_service/src/vm_service.dart:1950:25)
#2      VmService._call (package:vm_service/src/vm_service.dart:1962:8)
#3      VmService.callServiceExtension (package:vm_service/src/vm_service.dart:1901:14)
#4      VmService.callMethod (package:vm_service/src/vm_service.dart:1884:12)
#5      DdsExtension._callHelper (package:dds_service_extensions/dds_service_extensions.dart:365:12)
#6      DdsExtension.readyToResume (package:dds_service_extensions/dds_service_extensions.dart:323:12)
<asynchronous suspension>
#7      IsolateManager._readyToResume (package:dds/src/dap/isolate_manager.dart:425:7)
<asynchronous suspension>
#8      IsolateManager.readyToResumeThread (package:dds/src/dap/isolate_manager.dart:306:5)
<asynchronous suspension>
#9      IsolateManager._handlePause (package:dds/src/dap/isolate_manager.dart:695:7)
<asynchronous suspension>
#10     IsolateManager.handleEvent (package:dds/src/dap/isolate_manager.dart:207:7)
<asynchronous suspension>
#11     DartDebugAdapter.handleDebugEvent (package:dds/src/dap/adapters/dart.dart:2470:5)
<asynchronous suspension>
#12     DartDebugAdapter._withErrorHandling (package:dds/src/dap/adapters/dart.dart:2832:14)
<asynchronous suspension>
```

## flutter doctor

```
[!] Flutter (Channel stable, 3.35.3, on Microsoft Windows [Version 10.0.22631.5909], locale ru-RU) [10,2s]
    • Flutter version 3.35.3 on channel stable at C:\Users\masal\flutter
    ! Warning: `flutter` on your path resolves to C:\flutter\bin\flutter, which is not inside your current Flutter SDK checkout at C:\Users\masal\flutter. Consider adding C:\Users\masal\flutter\bin to the front of your path.
    ! Warning: `dart` on your path resolves to C:\flutter\bin\dart, which is not inside your current Flutter SDK checkout at C:\Users\masal\flutter. Consider adding C:\Users\masal\flutter\bin to the front of your path.
    • Upstream repository https://github.com/flutter/flutter.git
    • Framework revision a402d9a437 (6 weeks ago), 2025-09-03 14:54:31 -0700
    • Engine revision ddf47dd3ff
    • Dart version 3.9.2
    • DevTools version 2.48.0
    • Feature flags: enable-web, enable-linux-desktop, enable-macos-desktop, enable-windows-desktop, enable-android, enable-ios, cli-animations, enable-lldb-debugging
    • If those were intentional, you can disregard the above warnings; however it is recommended to use "git" directly to perform update checks and upgrades.

[✓] Windows Version (11 Home Single Language 64-bit, 23H2, 2009) [51,0s]

[!] Android toolchain - develop for Android devices (Android SDK version 36.0.0) [25,0s]
    • Android SDK at D:\Local\Android\Sdk
    • Emulator version 35.3.11.0 (build_id 12836668) (CL:N/A)
    • Platform android-36, build-tools 36.0.0
    • ANDROID_HOME = C:\Users\masal\AppData\Local\Android\Sdk
    • ANDROID_SDK_ROOT = C:\Users\masal\AppData\Local\Android\Sdk
    • Java binary at: C:\Program Files\Java\jdk-17\bin\java
      This JDK is specified in your Flutter configuration.
      To change the current JDK, run: `flutter config --jdk-dir="path/to/jdk"`.
    • Java version OpenJDK Runtime Environment (build 17+35-2724)
    ✗ Android license status unknown.
      Run `flutter doctor --android-licenses` to accept the SDK licenses.
      See https://flutter.dev/to/windows-android-setup for more details.

[✓] Chrome - develop for the web [960ms]
    • Chrome at C:\Program Files\Google\Chrome\Application\chrome.exe

[✗] Visual Studio - develop Windows apps [959ms]
    ✗ Visual Studio not installed; this is necessary to develop Windows apps.
      Download at https://visualstudio.microsoft.com/downloads/.
      Please install the "Desktop development with C++" workload, including all of its default components

[✓] Android Studio (version 2025.1.3) [69ms]
    • Android Studio at C:\Program Files\Android\Android Studio
    • Flutter plugin can be installed from:
      🔨 https://plugins.jetbrains.com/plugin/9212-flutter
    • Dart plugin can be installed from:
      🔨 https://plugins.jetbrains.com/plugin/6351-dart
    • Java version OpenJDK Runtime Environment (build 21.0.7+-13880790-b1038.58)

[✓] VS Code (version unknown) [26ms]
    • VS Code at C:\Users\masal\AppData\Local\Programs\Microsoft VS Code
    • Flutter extension version 3.120.0
    ✗ Unable to determine VS Code version.

[✓] Connected device (3 available) [5,8s]
    • Windows (desktop) • windows • windows-x64    • Microsoft Windows [Version 10.0.22631.5909]
    • Chrome (web)      • chrome  • web-javascript • Google Chrome 141.0.7390.67
    • Edge (web)        • edge    • web-javascript • Microsoft Edge 141.0.3537.57

[✓] Network resources [6,4s]
    • All expected network resources are available.

! Doctor found issues in 3 categories.
```
